// Jest Snapshot v1, https://goo.gl/fbAQLP

exports[`Basket component unit tests Basket component renders correctly and matches snapshot 1`] = `
<DocumentFragment>
  <div
    class="styled-basket light"
  >
    <h3>
      Your Basket
    </h3>
    <div
      class="basket-items"
    >
      <div
        class="item-wrapper"
      >
        <h4
          class="item-name"
        >
          Apple
        </h4>
        <div
          class="item-right"
        >
          <p
            class="item-price"
          >
            Â£1.99
          </p>
          <div
            class="item-quantity"
          >
            <button
              class="prev-button"
              disabled=""
            >
              <div
                class="svg-container"
              >
                <svg
                  class="prev-icon icon-transition icon-light disabled"
                  fill="none"
                  height="54"
                  viewBox="0 0 31 54"
                  width="31"
                  xmlns="http://www.w3.org/2000/svg"
                >
                  <path
                    d="M29.9357 52.9424C28.5216 54.3525 26.2416 54.3525 24.8274 52.9424L0.844174 29.0288C-0.281392 27.9065 -0.281392 26.0935 0.844174 24.9712L24.8274 1.05755C26.2416 -0.352518 28.5216 -0.352518 29.9357 1.05755C31.3499 2.46763 31.3499 4.74101 29.9357 6.15108L9.04061 27.0144L29.9646 47.8777C31.3499 49.259 31.3499 51.5612 29.9357 52.9424Z"
                  />
                </svg>
              </div>
            </button>
            <span>
              1
            </span>
            <button
              class="next-button"
            >
              <div
                class="svg-container"
              >
                <svg
                  class="next-icon icon-transition icon-light "
                  fill="none"
                  height="54"
                  viewBox="0 0 31 54"
                  width="31"
                  xmlns="http://www.w3.org/2000/svg"
                >
                  <path
                    d="M1.06427 52.9424C2.47844 54.3525 4.75843 54.3525 6.1726 52.9424L30.1558 29.0288C31.2814 27.9065 31.2814 26.0935 30.1558 24.9712L6.1726 1.05755C4.75843 -0.352518 2.47844 -0.352518 1.06427 1.05755C-0.349908 2.46763 -0.349908 4.74101 1.06427 6.15108L21.9594 27.0144L1.0354 47.8777C-0.349908 49.259 -0.349908 51.5612 1.06427 52.9424Z"
                  />
                </svg>
              </div>
            </button>
          </div>
          <button
            class="remove-item light"
          >
            Remove
          </button>
        </div>
      </div>
      <div
        class="break-line"
      />
    </div>
    <div
      class="checkout-button-wrapper"
    >
      <button
        class="primary button large light"
      >
        Go to checkout
      </button>
    </div>
  </div>
</DocumentFragment>
`;
